      Step     Time          Energy          fmax
FIRE:    0 16:25:11 -3421637.479966        1.230395
FIRE:    1 16:25:13 -3421659.272452        1.238372
FIRE:    2 16:25:15 -3421680.926124        1.247015
FIRE:    3 16:25:17 -3421702.529241        1.255387
FIRE:    4 16:25:19 -3421724.109175        1.263275
FIRE:    5 16:25:20 -3421745.686969        1.270879
FIRE:    6 16:25:22 -3421767.270686        1.277788
FIRE:    7 16:25:24 -3421788.877616        1.283996
FIRE:    8 16:25:26 -3421810.514274        1.289333
FIRE:    9 16:25:27 -3421832.185316        1.293863
FIRE:   10 16:25:29 -3421853.891828        1.297816
FIRE:   11 16:25:31 -3421875.641414        1.301272
FIRE:   12 16:25:33 -3421897.418917        1.303819
FIRE:   13 16:25:35 -3421919.233819        1.305440
FIRE:   14 16:25:37 -3421941.069649        1.306428
FIRE:   15 16:25:39 -3421962.924168        1.307439
FIRE:   16 16:25:41 -3421984.788387        1.307595
FIRE:   17 16:25:42 -3422006.659191        1.307226
FIRE:   18 16:25:44 -3422028.526741        1.307288
FIRE:   19 16:25:46 -3422050.383261        1.306610
FIRE:   20 16:25:48 -3422072.221094        1.306161
FIRE:   21 16:25:50 -3422094.035116        1.336746
FIRE:   22 16:25:51 -3422115.821946        1.368671
FIRE:   23 16:25:53 -3422137.568163        1.400584
FIRE:   24 16:25:55 -3422159.272870        1.432465
FIRE:   25 16:25:57 -3422180.928254        1.464328
FIRE:   26 16:25:58 -3422202.528838        1.496132
FIRE:   27 16:26:00 -3422224.076085        1.527764
FIRE:   28 16:26:02 -3422245.557342        1.559311
FIRE:   29 16:26:04 -3422266.974804        1.590699
FIRE:   30 16:26:06 -3422288.323039        1.621847
FIRE:   31 16:26:07 -3422309.598295        1.652774
FIRE:   32 16:26:09 -3422330.794934        1.683437
FIRE:   33 16:26:11 -3422351.911084        1.713742
FIRE:   34 16:26:13 -3422372.949810        1.743720
FIRE:   35 16:26:14 -3422393.896887        1.773309
FIRE:   36 16:26:16 -3422414.761264        1.802478
FIRE:   37 16:26:19 -3422435.535883        1.831280
FIRE:   38 16:26:20 -3422456.221718        1.859721
FIRE:   39 16:26:22 -3422476.815251        1.887703
FIRE:   40 16:26:24 -3422497.316171        1.915371
FIRE:   41 16:26:26 -3422517.720875        1.942708
FIRE:   42 16:26:28 -3422538.037978        1.969717
FIRE:   43 16:26:29 -3422558.258380        1.996456
FIRE:   44 16:26:31 -3422578.385722        2.022946
FIRE:   45 16:26:33 -3422598.415147        2.049238
FIRE:   46 16:26:35 -3422618.358526        2.075436
FIRE:   47 16:26:37 -3422638.204270        2.101560
FIRE:   48 16:26:38 -3422657.963369        2.127609
FIRE:   49 16:26:40 -3422677.633234        2.153743
FIRE:   50 16:26:44 -3422697.212135        2.179968
FIRE:   51 16:26:46 -3422716.705672        2.206390
FIRE:   52 16:26:48 -3422736.117478        2.233047
FIRE:   53 16:26:49 -3422755.446182        2.260076
FIRE:   54 16:26:51 -3422774.695870        2.287420
FIRE:   55 16:26:53 -3422793.870589        2.315188
FIRE:   56 16:26:55 -3422812.968083        2.343508
FIRE:   57 16:26:56 -3422831.995185        2.372295
FIRE:   58 16:26:58 -3422850.958650        2.401648
FIRE:   59 16:27:00 -3422869.853471        2.431587
FIRE:   60 16:27:02 -3422888.692834        2.462139
FIRE:   61 16:27:03 -3422907.471324        2.493213
FIRE:   62 16:27:05 -3422926.198679        2.524886
FIRE:   63 16:27:07 -3422944.874779        2.557048
FIRE:   64 16:27:08 -3422963.503072        2.589634
FIRE:   65 16:27:10 -3422982.090384        2.622557
FIRE:   66 16:27:12 -3423000.640018        2.655634
FIRE:   67 16:27:13 -3423019.156520        2.688810
FIRE:   68 16:27:15 -3423037.639904        2.721815
FIRE:   69 16:27:17 -3423056.096383        2.754395
FIRE:   70 16:27:18 -3423074.526784        2.786354
FIRE:   71 16:27:20 -3423092.938291        2.817345
FIRE:   72 16:27:22 -3423111.328452        2.846957
FIRE:   73 16:27:23 -3423129.702463        2.874858
FIRE:   74 16:27:25 -3423148.065301        2.900575
FIRE:   75 16:27:27 -3423166.413285        2.923537
FIRE:   76 16:27:29 -3423184.752399        2.943310
FIRE:   77 16:27:31 -3423203.076830        2.959156
FIRE:   78 16:27:33 -3423221.393645        2.970520
FIRE:   79 16:27:35 -3423239.694567        2.976603
FIRE:   80 16:27:37 -3423257.985296        2.976722
FIRE:   81 16:27:39 -3423276.254322        2.970062
FIRE:   82 16:27:41 -3423294.503436        2.955831
FIRE:   83 16:27:43 -3423312.727794        2.933175
FIRE:   84 16:27:45 -3423330.920241        2.901256
FIRE:   85 16:27:47 -3423349.068631        2.864453
FIRE:   86 16:27:49 -3423367.169733        2.829490
FIRE:   87 16:27:51 -3423385.213052        2.796122
FIRE:   88 16:27:53 -3423403.184623        2.763533
FIRE:   89 16:27:55 -3423421.076154        2.728046
FIRE:   90 16:27:57 -3423438.871140        2.700021
FIRE:   91 16:27:58 -3423456.553259        2.663982
FIRE:   92 16:28:00 -3423474.110653        2.637227
FIRE:   93 16:28:02 -3423491.521668        2.603450
FIRE:   94 16:28:04 -3423508.773486        2.572966
FIRE:   95 16:28:05 -3423525.854184        2.545776
FIRE:   96 16:28:07 -3423542.739057        2.511436
FIRE:   97 16:28:09 -3423559.414655        2.477514
FIRE:   98 16:28:11 -3423575.866286        2.452672
FIRE:   99 16:28:12 -3423592.080506        2.421357
FIRE:  100 16:28:14 -3423608.040622        2.385099
FIRE:  101 16:28:16 -3423623.741758        2.353595
FIRE:  102 16:28:18 -3423639.172786        2.330312
FIRE:  103 16:28:20 -3423654.327846        2.301217
FIRE:  104 16:28:22 -3423669.202711        2.267051
FIRE:  105 16:28:24 -3423683.800403        2.228513
FIRE:  106 16:28:25 -3423698.123559        2.195550
FIRE:  107 16:28:27 -3423712.173438        2.172388
FIRE:  108 16:28:29 -3423725.963603        2.143978
FIRE:  109 16:28:31 -3423739.504542        2.111076
FIRE:  110 16:28:33 -3423752.808443        2.078071
FIRE:  111 16:28:34 -3423765.892338        2.039214
FIRE:  112 16:28:36 -3423778.772545        2.001901
FIRE:  113 16:28:38 -3423791.467808        1.981216
FIRE:  114 16:28:39 -3423803.994885        1.956091
FIRE:  115 16:28:41 -3423816.378856        1.956540
FIRE:  116 16:28:43 -3423828.634100        2.025943
FIRE:  117 16:28:45 -3423840.780785        2.077495
FIRE:  118 16:28:47 -3423852.836341        2.111602
FIRE:  119 16:28:49 -3423864.817731        2.128645
FIRE:  120 16:28:50 -3423876.741099        2.129373
FIRE:  121 16:28:52 -3423888.621704        2.119118
FIRE:  122 16:28:54 -3423900.467441        2.112198
FIRE:  123 16:28:55 -3423912.292417        2.104932
FIRE:  124 16:28:57 -3423924.106136        2.104188
FIRE:  125 16:28:59 -3423935.914289        2.105473
FIRE:  126 16:29:00 -3423947.719777        2.101090
FIRE:  127 16:29:02 -3423959.528604        2.106198
FIRE:  128 16:29:04 -3423971.344488        2.104939
FIRE:  129 16:29:06 -3423983.169201        2.107798
FIRE:  130 16:29:07 -3423995.000492        2.114189
FIRE:  131 16:29:10 -3424006.839559        2.107402
FIRE:  132 16:29:12 -3424018.679047        2.110440
FIRE:  133 16:29:13 -3424030.521489        2.118158
FIRE:  134 16:29:15 -3424042.359908        2.113167
FIRE:  135 16:29:17 -3424054.194341        2.096092
FIRE:  136 16:29:19 -3424066.016627        2.106803
FIRE:  137 16:29:21 -3424077.825574        2.109780
FIRE:  138 16:29:22 -3424089.613487        2.100768
FIRE:  139 16:29:24 -3424101.379067        2.080235
FIRE:  140 16:29:26 -3424113.116718        2.061326
FIRE:  141 16:29:27 -3424124.821361        2.068310
FIRE:  142 16:29:29 -3424136.489062        2.064022
FIRE:  143 16:29:31 -3424148.116983        2.048855
FIRE:  144 16:29:33 -3424159.699237        2.023314
FIRE:  145 16:29:34 -3424171.234195        1.991140
FIRE:  146 16:29:36 -3424182.719110        1.955166
FIRE:  147 16:29:38 -3424194.150453        1.954983
FIRE:  148 16:29:40 -3424205.527715        1.945028
FIRE:  149 16:29:42 -3424216.847033        1.925599
FIRE:  150 16:29:44 -3424228.108073        1.897146
FIRE:  151 16:29:45 -3424239.310107        1.863146
FIRE:  152 16:29:47 -3424250.447477        1.825970
FIRE:  153 16:29:49 -3424261.526127        1.784246
FIRE:  154 16:29:50 -3424272.541613        1.777212
FIRE:  155 16:29:52 -3424283.495572        1.774600
FIRE:  156 16:29:54 -3424294.386073        1.768964
FIRE:  157 16:29:56 -3424305.216279        1.760533
FIRE:  158 16:29:58 -3424315.983861        1.749278
FIRE:  159 16:29:59 -3424326.688801        1.737057
FIRE:  160 16:30:01 -3424337.338483        1.722942
FIRE:  161 16:30:03 -3424347.924794        1.710842
FIRE:  162 16:30:05 -3424358.453880        1.702834
FIRE:  163 16:30:07 -3424368.924145        1.692467
FIRE:  164 16:30:08 -3424379.340430        1.679770
FIRE:  165 16:30:11 -3424389.700925        1.664895
FIRE:  166 16:30:13 -3424400.003882        1.647823
FIRE:  167 16:30:14 -3424410.251845        1.628739
FIRE:  168 16:30:16 -3424420.449373        1.607677
FIRE:  169 16:30:17 -3424430.590916        1.588203
FIRE:  170 16:30:20 -3424440.683942        1.568877
FIRE:  171 16:30:21 -3424450.721709        1.547904
FIRE:  172 16:30:23 -3424460.707650        1.525362
FIRE:  173 16:30:25 -3424470.645306        1.501455
FIRE:  174 16:30:27 -3424480.527468        1.485050
FIRE:  175 16:30:29 -3424490.357743        1.473734
FIRE:  176 16:30:31 -3424500.138365        1.461168
FIRE:  177 16:30:32 -3424509.863719        1.447485
FIRE:  178 16:30:34 -3424519.536646        1.432581
FIRE:  179 16:30:36 -3424529.153908        1.416762
FIRE:  180 16:30:38 -3424538.715424        1.399887
FIRE:  181 16:30:39 -3424548.218771        1.382050
FIRE:  182 16:30:41 -3424557.665737        1.363356
FIRE:  183 16:30:43 -3424567.053859        1.343844
FIRE:  184 16:30:46 -3424576.382145        1.325201
FIRE:  185 16:30:47 -3424585.648980        1.306117
FIRE:  186 16:30:49 -3424594.849137        1.286454
FIRE:  187 16:30:51 -3424603.985422        1.266150
FIRE:  188 16:30:54 -3424613.051988        1.272082
FIRE:  189 16:30:55 -3424622.051737        1.287098
FIRE:  190 16:30:57 -3424630.984181        1.300049
FIRE:  191 16:30:59 -3424639.840171        1.313082
FIRE:  192 16:31:01 -3424648.622922        1.335443
FIRE:  193 16:31:03 -3424657.331939        1.358639
FIRE:  194 16:31:05 -3424665.964011        1.381291
FIRE:  195 16:31:06 -3424674.517181        1.403148
FIRE:  196 16:31:08 -3424682.993197        1.424152
FIRE:  197 16:31:10 -3424691.384874        1.444233
FIRE:  198 16:31:12 -3424699.698456        1.463089
FIRE:  199 16:31:13 -3424707.932319        1.480669
FIRE:  200 16:31:15 -3424716.077722        1.496904
FIRE:  201 16:31:17 -3424724.143968        1.511565
FIRE:  202 16:31:19 -3424732.125470        1.524552
FIRE:  203 16:31:21 -3424740.022832        1.535808
FIRE:  204 16:31:23 -3424747.835390        1.545112
FIRE:  205 16:31:25 -3424755.566299        1.557732
FIRE:  206 16:31:27 -3424763.211799        1.572303
FIRE:  207 16:31:29 -3424770.776209        1.584768
FIRE:  208 16:31:31 -3424778.252556        1.595084
FIRE:  209 16:31:33 -3424785.649062        1.603073
FIRE:  210 16:31:34 -3424792.967094        1.608617
FIRE:  211 16:31:36 -3424800.201233        1.611628
FIRE:  212 16:31:38 -3424807.353671        1.612017
FIRE:  213 16:31:39 -3424814.428226        1.609575
FIRE:  214 16:31:41 -3424821.424716        1.604398
FIRE:  215 16:31:43 -3424828.344175        1.596284
FIRE:  216 16:31:44 -3424835.184385        1.585253
FIRE:  217 16:31:46 -3424841.947092        1.605226
FIRE:  218 16:31:48 -3424848.639072        1.624325
FIRE:  219 16:31:50 -3424855.252562        1.641287
FIRE:  220 16:31:51 -3424861.792932        1.655967
FIRE:  221 16:31:53 -3424868.262002        1.668153
FIRE:  222 16:31:55 -3424874.655647        1.677659
FIRE:  223 16:31:57 -3424880.982174        1.684436
FIRE:  224 16:31:59 -3424887.234493        1.688258
FIRE:  225 16:32:00 -3424893.414150        1.689048
FIRE:  226 16:32:02 -3424899.525730        1.686656
FIRE:  227 16:32:04 -3424905.562198        1.681048
FIRE:  228 16:32:05 -3424911.534253        1.671989
FIRE:  229 16:32:07 -3424917.431251        1.665593
FIRE:  230 16:32:09 -3424923.257380        1.678616
FIRE:  231 16:32:11 -3424929.012711        1.689130
FIRE:  232 16:32:12 -3424934.700614        1.696845
FIRE:  233 16:32:14 -3424940.314512        1.701728
FIRE:  234 16:32:16 -3424945.858078        1.703567
FIRE:  235 16:32:18 -3424951.327316        1.702288
FIRE:  236 16:32:19 -3424956.726560        1.697734
FIRE:  237 16:32:21 -3424962.049402        1.689770
FIRE:  238 16:32:23 -3424967.301559        1.678381
FIRE:  239 16:32:25 -3424972.478988        1.663484
FIRE:  240 16:32:27 -3424977.584176        1.658788
FIRE:  241 16:32:29 -3424982.611124        1.664405
FIRE:  242 16:32:30 -3424987.563650        1.668389
FIRE:  243 16:32:32 -3424992.441316        1.670574
FIRE:  244 16:32:34 -3424997.242221        1.671030
FIRE:  245 16:32:36 -3425001.967779        1.669989
FIRE:  246 16:32:38 -3425006.618153        1.683842
FIRE:  247 16:32:40 -3425011.191162        1.693752
FIRE:  248 16:32:42 -3425015.684877        1.717763
FIRE:  249 16:32:44 -3425020.100753        1.805301
FIRE:  250 16:32:46 -3425024.442332        1.890516
FIRE:  251 16:32:47 -3425028.706641        1.972731
FIRE:  252 16:32:49 -3425032.893395        2.051499
FIRE:  253 16:32:51 -3425037.004440        2.126324
FIRE:  254 16:32:53 -3425041.037284        2.196945
FIRE:  255 16:32:55 -3425044.996430        2.262788
FIRE:  256 16:32:57 -3425048.877049        2.323653
FIRE:  257 16:32:58 -3425052.683081        2.379292
FIRE:  258 16:33:00 -3425056.415793        2.429519
FIRE:  259 16:33:02 -3425060.073881        2.474104
FIRE:  260 16:33:04 -3425063.662195        2.516110
FIRE:  261 16:33:06 -3425067.174162        2.553470
FIRE:  262 16:33:07 -3425070.617148        2.585185
FIRE:  263 16:33:09 -3425073.990648        2.611240
FIRE:  264 16:33:11 -3425077.296828        2.843642
FIRE:  265 16:33:13 -3425080.537730        3.165763
FIRE:  266 16:33:14 -3425083.720521        3.538351
FIRE:  267 16:33:16 -3425086.832536        3.971878
FIRE:  268 16:33:19 -3425089.894691        4.479625
FIRE:  269 16:33:21 -3425092.901493        5.078511
FIRE:  270 16:33:23 -3425095.858174        5.790258
FIRE:  271 16:33:25 -3425098.779204        6.643367
FIRE:  272 16:33:27 -3425101.663968        7.675441
FIRE:  273 16:33:29 -3425104.526553        8.936939
FIRE:  274 16:33:31 -3425107.380229       10.496590
FIRE:  275 16:33:33 -3425110.248192       12.449731
FIRE:  276 16:33:35 -3425113.149878       14.931289
FIRE:  277 16:33:36 -3425116.129199       18.135523
FIRE:  278 16:33:38 -3425119.240389       22.349724
FIRE:  279 16:33:40 -3425122.560338       28.009579
FIRE:  280 16:33:42 -3425126.215586       35.795017
FIRE:  281 16:33:43 -3425130.408421       46.804988
FIRE:  282 16:33:45 -3425135.457144       62.884431
FIRE:  283 16:33:47 -3425141.945672       87.275863
FIRE:  284 16:33:49 -3425150.928324      125.978131
FIRE:  285 16:33:51 -3425164.528991      190.655982
FIRE:  286 16:33:53 -3425187.370463      304.158521
FIRE:  287 16:33:54 -3425230.103128      500.339631
FIRE:  288 16:33:57 -3425312.994498      719.679411
FIRE:  289 16:33:59 -3425435.032449      582.335442
FIRE:  290 16:34:01 -3425566.048955      570.872777
FIRE:  291 16:34:02 -3425782.198714      931.156058
FIRE:  292 16:34:04 -3426089.105979      776.635956
FIRE:  293 16:34:06 -3426353.014991      645.967350
FIRE:  294 16:34:08 -3426501.953380      710.625981
FIRE:  295 16:34:10 -3426629.447967      933.542014
FIRE:  296 16:34:11 -3426871.581368      960.882802
FIRE:  297 16:34:13 -3427213.640150      846.310775
FIRE:  298 16:34:15 -3427541.601038      840.812761
FIRE:  299 16:34:17 -3427783.459930      961.124447
FIRE:  300 16:34:18 -3427934.386619      797.589821
FIRE:  301 16:34:20 -3428026.287735      961.488462
FIRE:  302 16:34:22 -3428112.288926      930.460873
FIRE:  303 16:34:24 -3428245.992798      924.645120
FIRE:  304 16:34:25 -3428462.801480      965.310058
FIRE:  305 16:34:28 -3428742.775999      962.390623
FIRE:  306 16:34:30 -3429024.404773      927.501153
FIRE:  307 16:34:32 -3429236.047000      972.321266
FIRE:  308 16:34:34 -3429359.991019      965.794727
FIRE:  309 16:34:36 -3429390.032079      939.826687
FIRE:  310 16:34:39 -3429963.901882      951.907782
FIRE:  311 16:34:41 -3430467.674091      878.851276
FIRE:  312 16:34:43 -3430898.516559      968.702696
FIRE:  313 16:34:46 -3431284.234406      904.000459
FIRE:  314 16:34:48 -3431574.093762      880.238508
FIRE:  315 16:34:50 -3431732.861442      929.094143
FIRE:  316 16:34:52 -3431776.467544      680.285937
FIRE:  317 16:34:54 -3432092.327431      662.766834
FIRE:  318 16:34:57 -3432233.510603      612.534133
FIRE:  319 16:35:01 -3432349.400415      652.210971
FIRE:  320 16:35:04 -3432713.630641      949.916250
FIRE:  321 16:35:07 -3433129.779588      701.251342
FIRE:  322 16:35:09 -3433401.081853      681.776847
FIRE:  323 16:35:11 -3433601.890242      843.879911
FIRE:  324 16:35:13 -3433924.667331      956.993363
FIRE:  325 16:35:15 -3434320.718786      959.263581
FIRE:  326 16:35:17 -3434607.453821      747.221562
FIRE:  327 16:35:19 -3434694.085111      639.013603
FIRE:  328 16:35:21 -3434842.299984      356.962686
FIRE:  329 16:35:23 -3434899.697754      718.599717
FIRE:  330 16:35:25 -3435148.145511      637.147407
FIRE:  331 16:35:27 -3435452.030494      877.451192
FIRE:  332 16:35:29 -3435754.726519      808.307026
FIRE:  333 16:35:32 -3435976.712508      838.814010
FIRE:  334 16:35:34 -3436151.944529      875.824262
FIRE:  335 16:35:36 -3436299.877188      895.916984
FIRE:  336 16:35:38 -3436353.096113      915.300779
FIRE:  337 16:35:40 -3436624.248944      702.691109
FIRE:  338 16:35:41 -3436786.434558      956.491077
FIRE:  339 16:35:43 -3436931.892152      635.190446
FIRE:  340 16:35:45 -3436916.409724      755.029799
FIRE:  341 16:35:47 -3437055.332356       70.170999
FIRE:  342 16:35:49 -3436976.511664      737.862250
FIRE:  343 16:35:50 -3437117.499850      145.115902
FIRE:  344 16:35:52 -3437061.929261      703.844147
FIRE:  345 16:35:54 -3437231.937205      482.239444
FIRE:  346 16:35:56 -3437350.750641      726.761192
FIRE:  347 16:35:57 -3437612.177006      655.905501
FIRE:  348 16:35:59 -3437914.545503      947.043164
FIRE:  349 16:36:01 -3438245.319376      901.752686
FIRE:  350 16:36:03 -3438489.225802      834.717674
FIRE:  351 16:36:04 -3438542.119731      694.680424
FIRE:  352 16:36:06 -3438594.428978      455.935161
FIRE:  353 16:36:08 -3438637.714558      239.575071
FIRE:  354 16:36:09 -3438648.109638      377.209542
FIRE:  355 16:36:11 -3438654.442598      340.471369
FIRE:  356 16:36:13 -3438666.084950      269.515812
FIRE:  357 16:36:15 -3438681.482871      292.556561
FIRE:  358 16:36:17 -3438699.833616      351.940253
FIRE:  359 16:36:19 -3438723.360396      442.855994
FIRE:  360 16:36:21 -3438757.721380      571.132297
FIRE:  361 16:36:23 -3438809.449198      708.144973
FIRE:  362 16:36:25 -3438892.861267      715.723092
FIRE:  363 16:36:27 -3438998.233833      514.391731
FIRE:  364 16:36:29 -3439142.071400      722.571243
FIRE:  365 16:36:31 -3439430.672588      942.423544
FIRE:  366 16:36:32 -3439736.058642      693.372461
FIRE:  367 16:36:34 -3439911.018947      716.544080
FIRE:  368 16:36:36 -3440111.864485      904.263461
FIRE:  369 16:36:38 -3440458.091236      963.589665
FIRE:  370 16:36:39 -3440853.928102      949.735125
FIRE:  371 16:36:41 -3441222.856179      970.227730
FIRE:  372 16:36:43 -3441579.716013      960.684354
FIRE:  373 16:36:45 -3441902.612829      911.771311
FIRE:  374 16:36:46 -3442157.195594      894.482943
FIRE:  375 16:36:48 -3442336.345844      781.799383
FIRE:  376 16:36:50 -3442459.101776      868.805848
FIRE:  377 16:36:51 -3442599.656592      900.884850
FIRE:  378 16:36:53 -3442890.705004      936.241731
FIRE:  379 16:36:55 -3443322.365926      947.307524
FIRE:  380 16:36:57 -3443758.680998      924.278729
FIRE:  381 16:36:58 -3444123.588683      868.508616
FIRE:  382 16:37:00 -3444380.113770      954.340424
FIRE:  383 16:37:02 -3444533.718965      819.294111
FIRE:  384 16:37:03 -3444629.352615      939.212417
FIRE:  385 16:37:05 -3444742.187292      881.283755
FIRE:  386 16:37:07 -3444869.874616      950.735242
FIRE:  387 16:37:09 -3444979.160572      972.440149
FIRE:  388 16:37:10 -3445364.731220      668.443221
FIRE:  389 16:37:12 -3445523.487632      676.887494
FIRE:  390 16:37:14 -3445613.838000      960.642566
FIRE:  391 16:37:15 -3445762.466692      767.135982
FIRE:  392 16:37:17 -3445797.943694      739.974628
FIRE:  393 16:37:19 -3445977.220872      195.006520
FIRE:  394 16:37:21 -3445967.597420      547.934596
FIRE:  395 16:37:22 -3446008.790270      436.663215
FIRE:  396 16:37:24 -3446073.353791      512.433463
FIRE:  397 16:37:26 -3446150.313631      690.416873
FIRE:  398 16:37:27 -3446263.331862      711.291890
FIRE:  399 16:37:29 -3446414.829651      711.180645
FIRE:  400 16:37:31 -3446663.575225      826.636425
FIRE:  401 16:37:33 -3447035.310633      885.121476
FIRE:  402 16:37:34 -3447360.397165      857.074898
FIRE:  403 16:37:36 -3447587.781363      933.809054
FIRE:  404 16:37:38 -3447774.284598      905.552759
FIRE:  405 16:37:39 -3447922.728705      912.161170
FIRE:  406 16:37:41 -3447988.128803      880.181732
FIRE:  407 16:37:43 -3448045.422861      809.444726
FIRE:  408 16:37:44 -3448141.468511      631.110918
FIRE:  409 16:37:46 -3448237.500293      404.715698
FIRE:  410 16:37:48 -3448296.100338      540.238955
FIRE:  411 16:37:50 -3448330.706070      693.150314
FIRE:  412 16:37:51 -3448373.239433      628.828880
FIRE:  413 16:37:53 -3448436.684894      625.621255
FIRE:  414 16:37:55 -3448572.637902      742.133723
FIRE:  415 16:37:56 -3448845.769990      910.613994
FIRE:  416 16:37:58 -3449085.666293      393.654413
FIRE:  417 16:38:00 -3449162.773009      614.673621
FIRE:  418 16:38:01 -3449187.530017      631.114919
FIRE:  419 16:38:03 -3449237.573532      673.360505
FIRE:  420 16:38:05 -3449314.223021      707.318719
FIRE:  421 16:38:06 -3449419.399639      682.460505
FIRE:  422 16:38:08 -3449555.070216      727.482212
FIRE:  423 16:38:10 -3449726.954387      721.385824
FIRE:  424 16:38:12 -3449943.357827      778.469965
FIRE:  425 16:38:13 -3450237.036786      732.874484
FIRE:  426 16:38:15 -3450641.937082      938.738050
FIRE:  427 16:38:17 -3451142.456190      929.111736
FIRE:  428 16:38:19 -3451681.823730      974.432131
FIRE:  429 16:38:20 -3452188.249938      917.522415
FIRE:  430 16:38:22 -3452600.035843      967.712471
FIRE:  431 16:38:24 -3452897.563006      846.418362
FIRE:  432 16:38:25 -3453118.391061      961.952003
FIRE:  433 16:38:27 -3453305.123693      906.863744
FIRE:  434 16:38:29 -3453518.582702      854.547772
FIRE:  435 16:38:30 -3453791.459426      958.780017
FIRE:  436 16:38:32 -3454161.703496      921.642269
FIRE:  437 16:38:34 -3454573.699739      971.330333
FIRE:  438 16:38:36 -3454949.721347      939.596781
FIRE:  439 16:38:37 -3455276.752990      902.902217
FIRE:  440 16:38:39 -3455617.277554      889.158889
FIRE:  441 16:38:41 -3456011.163660      943.031277
FIRE:  442 16:38:42 -3456446.686695      817.057628
FIRE:  443 16:38:44 -3456851.222950      906.841084
FIRE:  444 16:38:46 -3457210.462805      963.336384
FIRE:  445 16:38:48 -3457543.748622      865.644503
FIRE:  446 16:38:49 -3457901.749962      986.463818
FIRE:  447 16:38:51 -3458318.318563      967.463661
FIRE:  448 16:38:53 -3458769.849328      965.524318
FIRE:  449 16:38:54 -3459189.496723      807.473650
FIRE:  450 16:38:56 -3459510.759473      835.656653
FIRE:  451 16:38:58 -3459763.020450      788.948038
FIRE:  452 16:39:00 -3460040.390222      866.578124
FIRE:  453 16:39:01 -3460451.842415      980.637508
FIRE:  454 16:39:03 -3460997.449969      955.859944
FIRE:  455 16:39:05 -3461579.199606      954.387186
FIRE:  456 16:39:06 -3462109.612802      951.871942
FIRE:  457 16:39:08 -3462539.328460      754.520584
FIRE:  458 16:39:10 -3462860.550415      705.120655
FIRE:  459 16:39:11 -3463150.269020      795.069845
FIRE:  460 16:39:13 -3463545.120302      955.140042
FIRE:  461 16:39:15 -3464092.831873      953.562001
FIRE:  462 16:39:17 -3464699.606480      974.579681
FIRE:  463 16:39:18 -3465258.057889      827.631376
FIRE:  464 16:39:20 -3465739.469058      807.013911
FIRE:  465 16:39:22 -3466186.545262      946.928905
FIRE:  466 16:39:23 -3466656.405613      986.125957
FIRE:  467 16:39:25 -3467145.457354      930.251341
FIRE:  468 16:39:27 -3467619.522750      758.301392
FIRE:  469 16:39:28 -3468066.777924      815.710718
FIRE:  470 16:39:30 -3468515.206079      978.607348
FIRE:  471 16:39:32 -3469016.800502      989.675471
FIRE:  472 16:39:34 -3469594.273068      996.069904
FIRE:  473 16:39:35 -3470206.999252      900.068892
FIRE:  474 16:39:37 -3470807.947046      986.673897
FIRE:  475 16:39:39 -3471366.209346      970.009480
FIRE:  476 16:39:40 -3471857.861852      903.033751
FIRE:  477 16:39:42 -3472262.119756      993.049366
FIRE:  478 16:39:44 -3472608.932390      872.906238
FIRE:  479 16:39:46 -3472947.977770      962.861660
FIRE:  480 16:39:47 -3473321.103457      978.854406
FIRE:  481 16:39:49 -3473737.880779      942.768389
FIRE:  482 16:39:51 -3474147.683577      867.347946
FIRE:  483 16:39:53 -3474524.972042      975.365969
FIRE:  484 16:39:54 -3474887.900324      883.216222
FIRE:  485 16:39:56 -3475259.525713      931.879889
FIRE:  486 16:39:58 -3475649.883987      920.668526
FIRE:  487 16:40:00 -3476040.615843      943.724592
FIRE:  488 16:40:01 -3476422.940857      969.757096
FIRE:  489 16:40:03 -3476808.679452      907.662182
FIRE:  490 16:40:05 -3477219.511898      965.867250
FIRE:  491 16:40:07 -3477673.491173      982.623258
FIRE:  492 16:40:09 -3478146.204972      962.249659
FIRE:  493 16:40:10 -3478587.445640      995.377046
FIRE:  494 16:40:12 -3478973.229109      962.827355
FIRE:  495 16:40:14 -3479295.349632      970.077123
FIRE:  496 16:40:15 -3479567.515627      976.520100
FIRE:  497 16:40:17 -3479825.779382      973.808121
FIRE:  498 16:40:19 -3480094.289403      977.088440
FIRE:  499 16:40:21 -3480367.180726      987.106523
FIRE:  500 16:40:22 -3480626.294275      987.221930
FIRE:  501 16:40:24 -3480870.864503      992.317731
FIRE:  502 16:40:26 -3481130.583301      987.840474
FIRE:  503 16:40:28 -3481431.781160      979.151878
FIRE:  504 16:40:29 -3481784.621857      972.443871
FIRE:  505 16:40:31 -3482175.630486      989.032239
FIRE:  506 16:40:33 -3482569.287532      997.149875
FIRE:  507 16:40:35 -3482926.463322      969.019814
FIRE:  508 16:40:37 -3483221.723777      958.246283
FIRE:  509 16:40:39 -3483435.998963      958.452776
FIRE:  510 16:40:41 -3483559.178383      980.632261
FIRE:  511 16:40:42 -3483600.155190      980.323461
FIRE:  512 16:40:44 -3484399.958430      974.126242
FIRE:  513 16:40:46 -3485030.905057      844.313714
FIRE:  514 16:40:48 -3485441.819563      547.841075
FIRE:  515 16:40:50 -3485669.232721      740.984193
FIRE:  516 16:40:52 -3485872.028461      958.443158
FIRE:  517 16:40:53 -3486204.532669      972.168535
FIRE:  518 16:40:55 -3486655.981732      842.364073
FIRE:  519 16:40:57 -3487111.851788      750.930395
FIRE:  520 16:40:58 -3487531.700784      849.912465
FIRE:  521 16:41:00 -3487971.027372      994.418899
FIRE:  522 16:41:02 -3488483.413079      971.649476
FIRE:  523 16:41:04 -3489046.454912      977.200681
FIRE:  524 16:41:06 -3489601.422014      976.910482
FIRE:  525 16:41:07 -3490092.497840      823.684310
FIRE:  526 16:41:09 -3490516.639753      741.935485
FIRE:  527 16:41:11 -3490935.838528      921.593908
FIRE:  528 16:41:13 -3491425.406695      963.580822
FIRE:  529 16:41:15 -3491980.246971      964.313379
FIRE:  530 16:41:16 -3492539.391946      959.207802
FIRE:  531 16:41:18 -3493059.174961      835.439779
FIRE:  532 16:41:20 -3493557.079643      889.618431
FIRE:  533 16:41:21 -3494094.211849      963.897105
FIRE:  534 16:41:23 -3494712.159525      988.211563
FIRE:  535 16:41:25 -3495388.851146      974.856384
FIRE:  536 16:41:27 -3496049.529314      952.566920
FIRE:  537 16:41:29 -3496619.860480      975.046923
FIRE:  538 16:41:30 -3497061.900668      877.029061
FIRE:  539 16:41:32 -3497394.714907      854.398354
FIRE:  540 16:41:34 -3497677.505111      898.432431
FIRE:  541 16:41:35 -3497979.687539      992.783915
FIRE:  542 16:41:37 -3498350.436986      987.324652
FIRE:  543 16:41:39 -3498794.008793      955.243632
FIRE:  544 16:41:41 -3499287.676562      944.354210
FIRE:  545 16:41:43 -3499810.170519      966.851773
FIRE:  546 16:41:45 -3500349.076285      974.722741
FIRE:  547 16:41:47 -3500888.377723      970.981153
FIRE:  548 16:41:49 -3501425.787318      984.057246
FIRE:  549 16:41:51 -3501957.670536      966.284138
FIRE:  550 16:41:52 -3502475.377420      979.714434
FIRE:  551 16:41:54 -3502971.802877      978.307563
FIRE:  552 16:41:56 -3503455.497172     1032.472585
FIRE:  553 16:41:58 -3503930.335373      973.300791
FIRE:  554 16:42:00 -3504380.623782      944.884722
FIRE:  555 16:42:02 -3504784.121515      956.075832
FIRE:  556 16:42:04 -3505146.706897      956.989256
FIRE:  557 16:42:06 -3505484.881787      955.509925
FIRE:  558 16:42:07 -3505819.223967      969.651998
FIRE:  559 16:42:09 -3506170.804749      983.446625
FIRE:  560 16:42:11 -3506559.628472     1013.737334
FIRE:  561 16:42:13 -3506987.304290     1035.803683
FIRE:  562 16:42:15 -3507450.284033     1040.396646
FIRE:  563 16:42:16 -3507943.667923     1040.559469
FIRE:  564 16:42:18 -3508457.013834     1035.948943
FIRE:  565 16:42:20 -3508975.559532     1016.366772
FIRE:  566 16:42:21 -3509492.361606      981.373968
FIRE:  567 16:42:23 -3510000.684973      982.462150
FIRE:  568 16:42:25 -3510495.073501      981.727460
FIRE:  569 16:42:27 -3510972.511194      985.865316
FIRE:  570 16:42:29 -3511421.734288      985.934532
FIRE:  571 16:42:31 -3511831.167723     1019.819052
FIRE:  572 16:42:32 -3512196.506585      976.673592
FIRE:  573 16:42:34 -3512521.812824      973.559497
FIRE:  574 16:42:36 -3512815.462468      985.598578
FIRE:  575 16:42:38 -3513114.208340      991.759176
FIRE:  576 16:42:40 -3513450.001054      994.657173
FIRE:  577 16:42:41 -3513840.974920      994.185409
FIRE:  578 16:42:43 -3514278.101511      988.598807
FIRE:  579 16:42:45 -3514738.792509     1012.328745
FIRE:  580 16:42:47 -3515189.641945     1037.401975
FIRE:  581 16:42:48 -3515624.498989     1035.471479
FIRE:  582 16:42:50 -3516066.241060     1029.377514
FIRE:  583 16:42:52 -3516545.414795     1029.684336
FIRE:  584 16:42:54 -3517078.022859     1037.190216
FIRE:  585 16:42:56 -3517659.374754     1045.530729
FIRE:  586 16:42:58 -3518254.639360     1043.179150
FIRE:  587 16:43:00 -3518829.380586     1015.462380
FIRE:  588 16:43:02 -3519356.763706      990.202368
FIRE:  589 16:43:03 -3519835.015699      988.937299
FIRE:  590 16:43:05 -3520287.079256      992.805352
FIRE:  591 16:43:07 -3520745.361939      991.343170
FIRE:  592 16:43:09 -3521248.358486     1011.519555
FIRE:  593 16:43:11 -3521815.960575     1022.085147
FIRE:  594 16:43:12 -3522437.426126     1023.024837
FIRE:  595 16:43:14 -3523081.409508     1022.433950
FIRE:  596 16:43:16 -3523707.497441     1022.012726
FIRE:  597 16:43:18 -3524294.080105     1017.271032
FIRE:  598 16:43:20 -3524824.677072     1000.166197
FIRE:  599 16:43:22 -3525294.985364      995.751740
FIRE:  600 16:43:23 -3525727.572680     1001.180175
FIRE:  601 16:43:25 -3526155.649679     1002.609621
FIRE:  602 16:43:27 -3526590.114302     1003.112148
FIRE:  603 16:43:29 -3527037.971598     1000.852297
FIRE:  604 16:43:31 -3527492.133650      998.236203
FIRE:  605 16:43:33 -3527938.160305      998.845576
FIRE:  606 16:43:35 -3528364.938913      999.557147
FIRE:  607 16:43:36 -3528777.685808      999.419505
FIRE:  608 16:43:38 -3529171.429010      998.269117
FIRE:  609 16:43:40 -3529557.573836      999.401536
FIRE:  610 16:43:42 -3529929.287621     1002.097413
FIRE:  611 16:43:44 -3530285.584633     1001.653191
FIRE:  612 16:43:46 -3530619.933584     1002.769376
FIRE:  613 16:43:47 -3530913.936864      999.419302
FIRE:  614 16:43:49 -3531165.231305      986.753011
FIRE:  615 16:43:51 -3531377.781046      976.085978
FIRE:  616 16:43:53 -3531546.319268      998.353082
FIRE:  617 16:43:54 -3531678.578659      994.251255
FIRE:  618 16:43:56 -3531785.561382      993.237257
FIRE:  619 16:43:58 -3531880.977212     1006.664675
FIRE:  620 16:43:59 -3532003.926661     1007.781921
FIRE:  621 16:44:01 -3532190.478759      988.653320
FIRE:  622 16:44:03 -3532456.133337      988.496573
FIRE:  623 16:44:05 -3532802.356429      983.234853
FIRE:  624 16:44:07 -3533211.246852      950.001534
FIRE:  625 16:44:09 -3533653.856614      988.770863
FIRE:  626 16:44:10 -3534110.549098      999.830661
FIRE:  627 16:44:12 -3534580.756562      992.353235
FIRE:  628 16:44:14 -3535076.552596      981.172453
FIRE:  629 16:44:16 -3535612.442579      979.435917
FIRE:  630 16:44:17 -3536215.395842      960.883021
FIRE:  631 16:44:19 -3536888.375930      987.370482
FIRE:  632 16:44:21 -3537611.573410      988.514763
FIRE:  633 16:44:23 -3538354.184790      994.362988
FIRE:  634 16:44:24 -3539085.354414      985.168950
FIRE:  635 16:44:26 -3539782.009511      980.143694
FIRE:  636 16:44:28 -3540422.488412      959.211627
FIRE:  637 16:44:29 -3540997.267355      986.346961
FIRE:  638 16:44:31 -3541490.711876      980.000387
FIRE:  639 16:44:33 -3541912.680473      999.616132
FIRE:  640 16:44:35 -3542282.921265      995.827044
FIRE:  641 16:44:37 -3542625.200376      991.545619
FIRE:  642 16:44:38 -3542952.872927      980.830003
FIRE:  643 16:44:40 -3543280.495884      988.794698
FIRE:  644 16:44:42 -3543621.976496     1003.660003
FIRE:  645 16:44:44 -3543990.293283     1002.178196
FIRE:  646 16:44:45 -3544384.106363      990.449689
FIRE:  647 16:44:47 -3544802.669339      983.429072
FIRE:  648 16:44:49 -3545250.392453      983.972857
FIRE:  649 16:44:51 -3545732.009462     1004.476081
FIRE:  650 16:44:52 -3546260.898223     1008.833793
FIRE:  651 16:44:54 -3546846.043269     1011.437941
FIRE:  652 16:44:56 -3547478.410657     1007.427579
FIRE:  653 16:44:57 -3548147.670725     1012.386946
FIRE:  654 16:44:59 -3548842.767733     1011.054491
FIRE:  655 16:45:01 -3549549.298448     1028.965785
FIRE:  656 16:45:02 -3550248.682662      997.599552
FIRE:  657 16:45:04 -3550926.158077     1000.894434
FIRE:  658 16:45:06 -3551568.069148     1001.184472
FIRE:  659 16:45:07 -3552172.742937     1011.384151
FIRE:  660 16:45:09 -3552737.424827      994.768503
FIRE:  661 16:45:11 -3553269.566316     1004.448159
FIRE:  662 16:45:13 -3553765.544510     1000.507108
FIRE:  663 16:45:15 -3554216.003148     1016.492669
FIRE:  664 16:45:16 -3554613.422677     1006.391159
FIRE:  665 16:45:18 -3554945.942695      981.896922
FIRE:  666 16:45:20 -3555214.185013     1016.735485
FIRE:  667 16:45:22 -3555423.209121     1033.013630
FIRE:  668 16:45:24 -3555579.543431     1022.283642
FIRE:  669 16:45:25 -3555689.055997      996.795105
FIRE:  670 16:45:27 -3555767.605092     1017.606446
FIRE:  671 16:45:29 -3557272.514569     1024.164701
FIRE:  672 16:45:31 -3558655.466751     1027.286782
FIRE:  673 16:45:32 -3559890.438654      961.225023
FIRE:  674 16:45:34 -3560961.668180      912.404480
FIRE:  675 16:45:36 -3561869.260090      963.527511
FIRE:  676 16:45:38 -3562632.110685      991.343354
FIRE:  677 16:45:40 -3563296.780909      941.733248
FIRE:  678 16:45:42 -3563919.464217      954.836694
FIRE:  679 16:45:44 -3564546.285371      997.530574
FIRE:  680 16:45:45 -3565212.112288      980.914655
FIRE:  681 16:45:47 -3565936.864940      957.642486
FIRE:  682 16:45:49 -3566714.552535      954.268370
FIRE:  683 16:45:51 -3567514.260997      993.416230
FIRE:  684 16:45:52 -3568308.948691      990.178984
FIRE:  685 16:45:54 -3569070.696381      977.958071
FIRE:  686 16:45:56 -3569778.671685     1011.600547
FIRE:  687 16:45:58 -3570409.553605      992.412125
FIRE:  688 16:46:00 -3570947.732052      875.429883
FIRE:  689 16:46:02 -3571385.753864      943.383014
FIRE:  690 16:46:03 -3571745.123076      963.352146
FIRE:  691 16:46:05 -3572074.063209      955.820958
FIRE:  692 16:46:07 -3572416.526913      929.382691
FIRE:  693 16:46:09 -3572817.237859      913.229362
FIRE:  694 16:46:10 -3573307.063948      989.093317
FIRE:  695 16:46:12 -3573878.040484      992.881434
FIRE:  696 16:46:14 -3574498.009394      944.769093
FIRE:  697 16:46:16 -3575123.492407      986.948938
FIRE:  698 16:46:18 -3575733.807749      991.490896
FIRE:  699 16:46:20 -3576318.561548      974.250581
FIRE:  700 16:46:21 -3576882.184117      921.206134
FIRE:  701 16:46:23 -3577425.965986      977.158279
FIRE:  702 16:46:25 -3577956.271829      990.226996
FIRE:  703 16:46:27 -3578474.188392      928.818468
FIRE:  704 16:46:29 -3578991.431794      996.978288
FIRE:  705 16:46:31 -3579507.844338      972.388224
FIRE:  706 16:46:32 -3580015.025055      927.561749
FIRE:  707 16:46:34 -3580503.097392      992.215736
FIRE:  708 16:46:36 -3580973.675480      976.217039
FIRE:  709 16:46:38 -3581431.438989      955.689105
FIRE:  710 16:46:40 -3581874.498821      938.368613
FIRE:  711 16:46:42 -3582302.429339      993.572493
FIRE:  712 16:46:43 -3582729.486645      964.804833
FIRE:  713 16:46:45 -3583156.536469      999.302799
FIRE:  714 16:46:47 -3583594.178689      984.132733
FIRE:  715 16:46:49 -3584044.708551      988.684466
FIRE:  716 16:46:51 -3584520.710166      981.208432
FIRE:  717 16:46:52 -3585029.642558      988.399684
FIRE:  718 16:46:54 -3585574.161394      990.474114
FIRE:  719 16:46:56 -3586145.695048      985.926239
FIRE:  720 16:46:58 -3586726.936778      980.417035
FIRE:  721 16:47:00 -3587308.852170      994.684482
FIRE:  722 16:47:01 -3587897.851371      997.616081
FIRE:  723 16:47:03 -3588510.938276      996.050230
FIRE:  724 16:47:05 -3589159.157055      997.701993
FIRE:  725 16:47:07 -3589839.332198      994.099979
FIRE:  726 16:47:09 -3590536.764960      990.354765
FIRE:  727 16:47:10 -3591228.279642      985.531996
FIRE:  728 16:47:12 -3591895.976473      967.087457
FIRE:  729 16:47:14 -3592517.691252      972.061874
FIRE:  730 16:47:16 -3593084.873685      951.660377
FIRE:  731 16:47:17 -3593598.078672      982.585922
FIRE:  732 16:47:19 -3594075.830518     1004.443927
FIRE:  733 16:47:21 -3594534.971182     1004.550795
FIRE:  734 16:47:22 -3594982.004021      958.197180
FIRE:  735 16:47:24 -3595412.732935      977.693691
FIRE:  736 16:47:26 -3595821.437019      970.343226
FIRE:  737 16:47:28 -3596215.092689      975.926343
FIRE:  738 16:47:30 -3596613.053453      977.949720
